mode: set
github.com/charliemcelfresh/envoy-charlie/internal/handlers.go:10.2,12.1 4 1
github.com/charliemcelfresh/envoy-charlie/internal/handlers.go:13.2,15.16 4 1
github.com/charliemcelfresh/envoy-charlie/internal/handlers.go:16.3,21.1 1 0
github.com/charliemcelfresh/envoy-charlie/internal/middlewares.go:8.2,9.48 1 1
github.com/charliemcelfresh/envoy-charlie/internal/middlewares.go:10.4,12.1 2 0
github.com/charliemcelfresh/envoy-charlie/internal/server.go:30.2,33.1 4 1
github.com/charliemcelfresh/envoy-charlie/internal/server.go:35.2,42.1 4 1
github.com/charliemcelfresh/envoy-charlie/internal/server.go:43.2,45.1 4 1
github.com/charliemcelfresh/envoy-charlie/internal/server.go:48.2,51.1 3 1
github.com/charliemcelfresh/envoy-charlie/internal/server.go:54.2,54.45 1 1
github.com/charliemcelfresh/envoy-charlie/internal/server.go:55.3,56.1 1 1
github.com/charliemcelfresh/envoy-charlie/internal/server.go:57.2,57.10 1 1
github.com/charliemcelfresh/envoy-charlie/internal/server.go:62.2,64.1 4 0
github.com/charliemcelfresh/envoy-charlie/internal/server.go:66.2,67.21 4 0
github.com/charliemcelfresh/envoy-charlie/internal/server.go:68.3,69.11 1 0
github.com/charliemcelfresh/envoy-charlie/internal/server.go:70.5,72.57 3 0
github.com/charliemcelfresh/envoy-charlie/internal/server.go:73.6,78.1 1 0
github.com/charliemcelfresh/envoy-charlie/internal/server.go:79.5,82.6 1 0
github.com/charliemcelfresh/envoy-charlie/internal/server.go:87.2,94.12 4 0
github.com/charliemcelfresh/envoy-charlie/internal/server.go:95.3,96.92 2 0
github.com/charliemcelfresh/envoy-charlie/internal/server.go:97.4,103.1 2 0
github.com/charliemcelfresh/envoy-charlie/internal/server.go:106.2,112.1 4 0
github.com/charliemcelfresh/envoy-charlie/internal/server.go:113.2,113.11 4 0
github.com/charliemcelfresh/envoy-charlie/main.go:13.2,18.1 6 0
github.com/charliemcelfresh/envoy-charlie/main.go:19.2,23.1 6 0
github.com/charliemcelfresh/envoy-charlie/main.go:24.2,25.1 6 0
github.com/charliemcelfresh/envoy-charlie/main.go:26.2,27.1 6 0
github.com/charliemcelfresh/envoy-charlie/main.go:28.2,30.1 6 0
